// Jest Snapshot v1, https://goo.gl/fbAQLP

exports[`Should transform coordinates from a space to another 1`] = `
Coord {
  "x": 8,
  "y": 13.75,
}
`;
